[debug] [2026-07-31T20:26:18.788Z] ----------------------------------------------------------------------
[debug] [2026-07-31T20:26:18.792Z] Command:       C:\Program Files\nodejs\node.exe C:\Users\Daterrinha69\AppData\Roaming\npm\node_modules\firebase-tools\lib\bin\firebase.js deploy --only firestore:rules --debug
[debug] [2026-07-31T20:26:18.793Z] CLI Version:   15.24.0
[debug] [2026-07-31T20:26:18.793Z] Platform:      win32
[debug] [2026-07-31T20:26:18.794Z] Node Version:  v24.18.0
[debug] [2026-07-31T20:26:18.794Z] Detected Agent: unknown
[debug] [2026-07-31T20:26:18.795Z] Time:          Fri Jul 31 2026 17:26:18 GMT-0300 (Horário Padrão de Brasília)
[debug] [2026-07-31T20:26:18.795Z] ----------------------------------------------------------------------
[debug] 
[debug] [2026-07-31T20:26:20.283Z] > command requires scopes: ["email","openid","https://www.googleapis.com/auth/cloudplatformprojects.readonly","https://www.googleapis.com/auth/firebase","https://www.googleapis.com/auth/cloud-platform"]
[debug] [2026-07-31T20:26:20.283Z] > authorizing via signed-in user (jacsonneno16@gmail.com)
[debug] [2026-07-31T20:26:20.284Z] [iam] checking project daterrinha-inventario for permissions ["datastore.indexes.create","datastore.indexes.delete","datastore.indexes.list","datastore.indexes.update","firebase.projects.get"]
[debug] [2026-07-31T20:26:20.296Z] Checked if tokens are valid: true, expires at: 1785532803970
[debug] [2026-07-31T20:26:20.296Z] Checked if tokens are valid: true, expires at: 1785532803970
[debug] [2026-07-31T20:26:20.298Z] >>> [apiv2][query] POST https://cloudresourcemanager.googleapis.com/v1/projects/daterrinha-inventario:testIamPermissions [none]
[debug] [2026-07-31T20:26:20.299Z] >>> [apiv2][(partial)header] POST https://cloudresourcemanager.googleapis.com/v1/projects/daterrinha-inventario:testIamPermissions  x-goog-user-project=daterrinha-inventario
[debug] [2026-07-31T20:26:20.300Z] >>> [apiv2][body] POST https://cloudresourcemanager.googleapis.com/v1/projects/daterrinha-inventario:testIamPermissions {"permissions":["datastore.indexes.create","datastore.indexes.delete","datastore.indexes.list","datastore.indexes.update","firebase.projects.get"]}
[debug] [2026-07-31T20:26:21.183Z] <<< [apiv2][status] POST https://cloudresourcemanager.googleapis.com/v1/projects/daterrinha-inventario:testIamPermissions 200
[debug] [2026-07-31T20:26:21.184Z] <<< [apiv2][body] POST https://cloudresourcemanager.googleapis.com/v1/projects/daterrinha-inventario:testIamPermissions {"permissions":["datastore.indexes.create","datastore.indexes.delete","datastore.indexes.list","datastore.indexes.update","firebase.projects.get"]}
[info] 
[info] === Deploying to 'daterrinha-inventario'...
[info] 
[info] i  deploying firestore 
[info] i  firestore: ensuring required API firestore.googleapis.com is enabled... 
[info] i  firestore: ensuring required API firestore.googleapis.com is enabled... 
[debug] [2026-07-31T20:26:21.193Z] Checked if tokens are valid: true, expires at: 1785532803970
[debug] [2026-07-31T20:26:21.194Z] Checked if tokens are valid: true, expires at: 1785532803970
[debug] [2026-07-31T20:26:21.195Z] >>> [apiv2][query] GET https://firestore.googleapis.com/v1/projects/daterrinha-inventario/databases/(default) [none]
[debug] [2026-07-31T20:26:21.840Z] <<< [apiv2][status] GET https://firestore.googleapis.com/v1/projects/daterrinha-inventario/databases/(default) 200
[debug] [2026-07-31T20:26:21.840Z] <<< [apiv2][body] GET https://firestore.googleapis.com/v1/projects/daterrinha-inventario/databases/(default) {"name":"projects/daterrinha-inventario/databases/(default)","uid":"39121a31-6ced-40f2-a1d0-551b98f58588","createTime":"2026-03-08T15:30:50.908645Z","updateTime":"2026-03-08T15:30:50.908645Z","locationId":"southamerica-east1","type":"FIRESTORE_NATIVE","concurrencyMode":"PESSIMISTIC","versionRetentionPeriod":"3600s","earliestVersionTime":"2026-07-31T19:26:24.065849Z","appEngineIntegrationMode":"DISABLED","keyPrefix":"i","pointInTimeRecoveryEnablement":"POINT_IN_TIME_RECOVERY_DISABLED","deleteProtectionState":"DELETE_PROTECTION_DISABLED","databaseEdition":"STANDARD","freeTier":true,"realtimeUpdatesMode":"REALTIME_UPDATES_MODE_ENABLED","etag":"IJK24ITg/ZUDMLnX9erPkJMD"}
[info] i  firestore: reading indexes from firestore.indexes.json... 
[info] i  cloud.firestore: checking firestore.rules for compilation errors... 
[debug] [2026-07-31T20:26:21.845Z] Checked if tokens are valid: true, expires at: 1785532803970
[debug] [2026-07-31T20:26:21.846Z] Checked if tokens are valid: true, expires at: 1785532803970
[debug] [2026-07-31T20:26:21.847Z] >>> [apiv2][query] POST https://firebaserules.googleapis.com/v1/projects/daterrinha-inventario:test [none]
[debug] [2026-07-31T20:26:21.848Z] >>> [apiv2][body] POST https://firebaserules.googleapis.com/v1/projects/daterrinha-inventario:test [omitted]
[debug] [2026-07-31T20:26:23.053Z] <<< [apiv2][status] POST https://firebaserules.googleapis.com/v1/projects/daterrinha-inventario:test 400
[debug] [2026-07-31T20:26:23.054Z] <<< [apiv2][body] POST https://firebaserules.googleapis.com/v1/projects/daterrinha-inventario:test {"error":{"code":400,"message":"Request contains an invalid argument.","status":"INVALID_ARGUMENT"}}
[error] 
[error] Error: Request to https://firebaserules.googleapis.com/v1/projects/daterrinha-inventario:test had HTTP Error: 400, Request contains an invalid argument.
[debug] [2026-07-31T20:26:23.059Z] Error Context: {
  "body": {
    "error": {
      "code": 400,
      "message": "Request contains an invalid argument.",
      "status": "INVALID_ARGUMENT"
    }
  },
  "response": {
    "statusCode": 400
  }
}
